// Jest Snapshot v1, https://goo.gl/fbAQLP

exports[`Render whole App with initital state +++ capturing Snapshot of App 1`] = `
<div
  className="css-Wallet-1ifwlbe0 css-46dg62"
>
  <div
    className="css-Layout-1j9vhhe0 css-oqhttl"
  >
    <div
      className="css-Logo-1j9vhhe1 css-g3dddy"
    />
    <div
      className="css-Edit-1j9vhhe2 css-1rly8q8"
      onClick={[Function]}
    />
    <div
      className="css-CardsList-1j9vhhe3 css-14qlmqd"
    >
      <div
        className="css-CardLayout-n1ghoi0 css-NewCardLayout-n1ghoi4 css-192ifp5"
      />
    </div>
    <footer
      className="css-Footer-1j9vhhe4 css-1s8mtv6"
    >
      Yamoney Node School
    </footer>
  </div>
  <div
    className="css-CardPane-1ifwlbe1 css-i5j6vn"
  >
    <header
      className="css-HeaderLayout-adoyc80 css-6irvbk"
    >
      <div
        className="css-User-117zrye1 css-1dm8jyy"
      >
        <img
          className="css-Avatar-117zrye2 css-1xfhnhw"
          src="/assets/avatar.png"
        />
        Samuel Johnson
        <div
          className="css-DropDown-117zrye0 css-1qvsddu"
        >
          <a
            onClick={[Function]}
          >
            Выйти
          </a>
        </div>
      </div>
    </header>
  </div>
</div>
`;
